FRP_M19|1|rtl|0|1|0|0|0|1|0|1|1|0|0|1|0|1|0|1|1|1|0|1|0|0|0|0|0|0|3ff|1|0|1|1|0|0|0|0
FRP_M19|1|rtl|1|1|0|0|1|1|0|3|3|1|0|1|0|1|1|1|1|1|0|1|1|1|1|0|0|0|3ff|0|3|2|2|0|0|0|0
FRP_M19|1|rtl|2|1|0|0|2|0|0|0|0|0|3|0|0|0|0|1|1|1|0|1|0|0|0|0|0|0|3ff|3|0|3|3|0|0|0|0
FRP_M19|1|rtl|3|1|0|0|3|1|0|1|1|3|0|1|0|1|1|1|1|1|0|1|1|1|1|0|0|0|3ff|0|1|4|4|0|0|0|0
FRP_M19|1|rtl|4|1|0|0|4|0|0|0|0|0|1|0|0|0|0|1|1|1|0|1|0|0|0|0|0|0|3ff|1|0|5|5|0|0|0|0
FRP_M19|1|rtl|5|1|0|0|5|3|11|5|14|1|0|3|0|6|0|6|2|0|1|2|0|0|0|0|0|0|3ff|15|0|6|6|0|0|0|0
FRP_M19|1|rtl|6|1|0|0|6|0|0|0|0|15|0|0|0|0|0|0|0|2|0|0|0|0|0|0|0|0|3ff|15|0|7|7|0|0|0|0
FRP_M19|1|rtl|7|1|0|0|7|0|0|0|0|15|0|0|0|0|0|0|0|2|0|0|0|0|0|0|0|0|3ff|15|0|8|8|0|0|0|0
FRP_M19|1|rtl|8|1|0|0|8|0|0|0|0|15|0|0|0|0|0|0|0|2|0|0|0|0|0|0|0|0|3ff|15|0|9|9|0|0|0|0
FRP_M19|1|rtl|9|1|0|0|9|0|0|0|0|15|0|0|0|0|0|0|0|2|0|0|0|0|0|0|0|0|3ff|15|0|10|10|0|0|0|0
FRP_M19|1|rtl|10|1|0|0|10|0|0|0|0|15|0|0|0|0|0|0|0|2|0|0|0|0|0|0|0|0|3ff|15|0|11|11|0|0|0|0
FRP_M19|1|rtl|11|1|0|0|11|0|0|0|0|15|0|0|0|0|0|0|0|2|0|0|0|0|0|0|0|0|3ff|15|0|12|12|0|0|0|0
FRP_M19|1|rtl|12|1|0|0|12|0|0|0|0|15|0|0|0|0|0|0|0|2|0|0|0|0|0|0|0|0|3ff|15|0|13|13|0|0|0|0
FRP_M19|1|rtl|13|1|0|0|13|0|0|0|0|15|0|0|0|0|0|0|0|2|0|0|0|0|0|0|0|0|3ff|15|0|14|14|0|0|0|0
FRP_M19|1|rtl|14|1|0|0|14|0|0|0|0|15|0|0|0|0|0|0|0|2|0|0|0|0|0|0|0|0|3ff|15|0|15|15|0|0|0|0
FRP_M19|1|rtl|15|1|0|0|15|0|0|0|0|15|0|0|0|0|0|0|0|2|0|0|0|0|0|0|0|0|3ff|15|0|16|16|0|0|0|0
FRP_M19|1|rtl|16|1|1|1|0|1|0|1|1|0|0|0|1|0|0|0|0|2|0|0|0|0|0|0|0|0|3ff|0|0|1|0|1|0|0|0
FRP_M19|1|rtl|17|1|1|1|1|1|0|1|1|0|0|0|1|0|0|0|0|2|0|0|0|0|0|0|0|0|3ff|0|0|2|0|2|0|0|0
FRP_M19|1|rtl|18|1|1|1|2|1|0|1|1|0|0|0|1|0|0|0|0|2|0|0|0|0|0|0|0|0|3ff|0|0|3|0|3|0|0|0
FRP_M19|1|rtl|19|1|1|1|3|1|0|1|1|0|0|0|1|0|0|0|0|2|0|0|0|0|0|0|0|0|3ff|0|0|4|0|4|0|0|0
FRP_M19|1|rtl|20|1|1|1|4|1|0|1|1|0|0|0|1|0|0|0|0|2|0|0|0|0|0|0|0|0|3ff|0|0|5|0|5|0|0|0
FRP_M19|1|rtl|21|1|1|1|5|1|0|1|1|0|0|0|1|0|0|0|0|2|0|0|0|0|0|0|0|0|3ff|0|0|6|0|6|0|0|0
FRP_M19|1|rtl|22|1|1|1|6|1|0|1|1|0|0|0|1|0|0|0|0|2|0|0|0|0|0|0|0|0|3ff|0|0|7|0|7|0|0|0
FRP_M19|1|rtl|23|1|1|2|7|1|0|1|1|0|0|1|0|1|0|1|1|1|0|1|0|0|0|0|0|0|3ff|1|0|8|0|7|1|0|0
FRP_M19|1|rtl|24|1|1|1|8|1|0|3|3|1|0|1|0|1|1|1|1|1|0|1|1|1|1|0|0|0|3ff|0|3|9|0|8|1|0|0
FRP_M19|1|rtl|25|1|1|1|9|0|0|0|0|0|3|0|0|0|0|0|0|2|0|0|0|0|0|0|0|0|3ff|0|3|10|0|9|1|0|0
FRP_M19|1|rtl|26|1|1|1|10|0|0|0|0|0|3|0|0|0|0|0|0|2|0|0|0|0|0|0|0|0|3ff|0|3|11|0|10|1|0|0
FRP_M19|1|rtl|27|1|1|1|11|0|0|0|0|0|3|0|0|0|0|0|0|2|0|0|0|0|0|0|0|0|3ff|0|3|12|0|11|1|0|0
FRP_M19|1|rtl|28|1|1|1|12|0|0|0|0|0|3|0|0|0|0|0|0|2|0|0|0|0|0|0|0|0|3ff|0|3|13|0|12|1|0|0
FRP_M19|1|rtl|29|1|1|1|13|0|0|0|0|0|3|0|0|0|0|0|0|2|0|0|0|0|0|0|0|0|3ff|0|3|14|0|13|1|0|0
FRP_M19|1|rtl|30|1|1|1|14|0|0|0|0|0|3|0|0|0|0|0|0|2|0|0|0|0|0|0|0|0|3ff|0|3|15|0|14|1|0|0
FRP_M19|1|rtl|31|1|1|2|15|0|0|0|0|0|3|0|0|0|0|1|1|1|0|1|0|0|0|0|0|0|3ff|3|0|16|0|14|2|0|0
FRP_M19|1|rtl|32|1|1|1|16|0|0|0|0|3|0|0|0|0|0|0|0|2|0|0|0|0|0|0|0|0|3ff|3|0|17|0|15|2|0|0
FRP_M19|1|rtl|33|1|1|1|17|0|0|0|0|3|0|0|0|0|0|0|0|2|0|0|0|0|0|0|0|0|3ff|3|0|18|0|16|2|0|0
FRP_M19|1|rtl|34|1|1|1|18|0|0|0|0|3|0|0|0|0|0|0|0|2|0|0|0|0|0|0|0|0|3ff|3|0|19|0|17|2|0|0
FRP_M19|1|rtl|35|1|1|1|19|0|0|0|0|3|0|0|0|0|0|0|0|2|0|0|0|0|0|0|0|0|3ff|3|0|20|0|18|2|0|0
FRP_M19|1|rtl|36|1|1|1|20|0|0|0|0|3|0|0|0|0|0|0|0|2|0|0|0|0|0|0|0|0|3ff|3|0|21|0|19|2|0|0
FRP_M19|1|rtl|37|1|1|1|21|0|0|0|0|3|0|0|0|0|0|0|0|2|0|0|0|0|0|0|0|0|3ff|3|0|22|0|20|2|0|0
FRP_M19|1|rtl|38|1|1|1|22|0|0|0|0|3|0|0|0|0|0|0|0|2|0|0|0|0|0|0|0|0|3ff|3|0|23|0|21|2|0|0
FRP_M19|1|rtl|39|1|1|2|23|0|0|0|0|3|0|0|0|0|0|0|0|2|0|0|0|0|0|0|0|0|3ff|3|0|24|0|21|3|0|0
FRP_M19|1|rtl|40|1|1|1|24|0|0|0|0|3|0|0|0|0|0|0|0|2|0|0|0|0|0|0|0|0|3ff|3|0|25|0|22|3|0|0
FRP_M19|1|rtl|41|1|1|1|25|0|0|0|0|3|0|0|0|0|0|0|0|2|0|0|0|0|0|0|0|0|3ff|3|0|26|0|23|3|0|0
FRP_M19|1|rtl|42|1|1|1|26|0|0|0|0|3|0|0|0|0|0|0|0|2|0|0|0|0|0|0|0|0|3ff|3|0|27|0|24|3|0|0
FRP_M19|1|rtl|43|1|1|1|27|0|0|0|0|3|0|0|0|0|0|0|0|2|0|0|0|0|0|0|0|0|3ff|3|0|28|0|25|3|0|0
FRP_M19|1|rtl|44|1|1|1|28|0|0|0|0|3|0|0|0|0|0|0|0|2|0|0|0|0|0|0|0|0|3ff|3|0|29|0|26|3|0|0
FRP_M19|1|rtl|45|1|1|1|29|0|0|0|0|3|0|0|0|0|0|0|0|2|0|0|0|0|0|0|0|0|3ff|3|0|30|0|27|3|0|0
FRP_M19|1|rtl|46|1|1|1|30|0|0|0|0|3|0|0|0|0|0|0|0|2|0|0|0|0|0|0|0|0|3ff|3|0|31|0|28|3|0|0
FRP_M19|1|rtl|47|1|1|2|31|0|0|0|0|3|0|0|0|0|0|0|0|2|0|0|0|0|0|0|0|0|3ff|3|0|32|0|28|4|0|0
FRP_M19|1|rtl|48|1|1|1|32|0|0|0|0|3|0|0|0|0|0|0|0|2|0|0|0|0|0|0|0|0|3ff|3|0|33|0|29|4|0|0
FRP_M19|1|rtl|49|1|1|1|33|0|0|0|0|3|0|0|0|0|0|0|0|2|0|0|0|0|0|0|0|0|3ff|3|0|34|0|30|4|0|0
FRP_M19|1|rtl|50|1|1|1|34|0|0|0|0|3|0|0|0|0|0|0|0|2|0|0|0|0|0|0|0|0|3ff|3|0|35|0|31|4|0|0
FRP_M19|1|rtl|51|1|1|1|35|0|0|0|0|3|0|0|0|0|0|0|0|2|0|0|0|0|0|0|0|0|3ff|3|0|36|0|32|4|0|0
FRP_M19|1|rtl|52|1|1|1|36|0|0|0|0|3|0|0|0|0|0|0|0|2|0|0|0|0|0|0|0|0|3ff|3|0|37|0|33|4|0|0
FRP_M19|1|rtl|53|1|1|1|37|0|0|0|0|3|0|0|0|0|0|0|0|2|0|0|0|0|0|0|0|0|3ff|3|0|38|0|34|4|0|0
FRP_M19|1|rtl|54|1|1|1|38|0|0|0|0|3|0|0|0|0|0|0|0|2|0|0|0|0|0|0|0|0|3ff|3|0|39|0|35|4|0|0
FRP_M19|1|rtl|55|1|1|2|39|0|0|0|0|3|0|0|0|0|0|0|0|2|0|0|0|0|0|0|0|0|3ff|3|0|40|0|35|5|0|0
FRP_M19|1|rtl|56|1|1|1|40|0|0|0|0|3|0|0|0|0|0|0|0|2|0|0|0|0|0|0|0|0|3ff|3|0|41|0|36|5|0|0
FRP_M19|1|rtl|57|1|1|1|41|0|0|0|0|3|0|0|0|0|0|0|0|2|0|0|0|0|0|0|0|0|3ff|3|0|42|0|37|5|0|0
FRP_M19|1|rtl|58|1|1|1|42|0|0|0|0|3|0|0|0|0|0|0|0|2|0|0|0|0|0|0|0|0|3ff|3|0|43|0|38|5|0|0
FRP_M19|1|rtl|59|1|1|1|43|0|0|0|0|3|0|0|0|0|0|0|0|2|0|0|0|0|0|0|0|0|3ff|3|0|44|0|39|5|0|0
FRP_M19|1|rtl|60|1|1|1|44|0|0|0|0|3|0|0|0|0|0|0|0|2|0|0|0|0|0|0|0|0|3ff|3|0|45|0|40|5|0|0
FRP_M19|1|rtl|61|1|1|1|45|0|0|0|0|3|0|0|0|0|0|0|0|2|0|0|0|0|0|0|0|0|3ff|3|0|46|0|41|5|0|0
FRP_M19|1|rtl|62|1|1|1|46|0|0|0|0|3|0|0|0|0|0|0|0|2|0|0|0|0|0|0|0|0|3ff|3|0|47|0|42|5|0|0
FRP_M19|1|rtl|63|1|1|2|47|0|0|0|0|3|0|0|0|0|0|0|0|2|0|0|0|0|0|0|0|0|3ff|3|0|48|0|42|6|0|0
FRP_M19|1|rtl|64|1|1|1|48|0|0|0|0|3|0|0|0|0|0|0|0|2|0|0|0|0|0|0|0|0|3ff|3|0|49|0|43|6|0|0
FRP_M19|1|rtl|65|1|1|1|49|0|0|0|0|3|0|0|0|0|0|0|0|2|0|0|0|0|0|0|0|0|3ff|3|0|50|0|44|6|0|0
FRP_M19|1|rtl|66|1|1|1|50|0|0|0|0|3|0|0|0|0|0|0|0|2|0|0|0|0|0|0|0|0|3ff|3|0|51|0|45|6|0|0
FRP_M19|1|rtl|67|1|1|1|51|0|0|0|0|3|0|0|0|0|0|0|0|2|0|0|0|0|0|0|0|0|3ff|3|0|52|0|46|6|0|0
FRP_M19|1|rtl|68|1|1|1|52|0|0|0|0|3|0|0|0|0|0|0|0|2|0|0|0|0|0|0|0|0|3ff|3|0|53|0|47|6|0|0
FRP_M19|1|rtl|69|1|1|1|53|0|0|0|0|3|0|0|0|0|0|0|0|2|0|0|0|0|0|0|0|0|3ff|3|0|54|0|48|6|0|0
FRP_M19|1|rtl|70|1|1|1|54|0|0|0|0|3|0|0|0|0|0|0|0|2|0|0|0|0|0|0|0|0|3ff|3|0|55|0|49|6|0|0
FRP_M19|1|rtl|71|1|1|2|55|0|0|0|0|3|0|0|0|0|0|0|0|2|0|0|0|0|0|0|0|0|3ff|3|0|56|0|49|7|0|0
FRP_M19|1|rtl|72|1|1|1|56|0|0|0|0|3|0|0|0|0|0|0|0|2|0|0|0|0|0|0|0|0|3ff|3|0|57|0|50|7|0|0
FRP_M19|1|rtl|73|1|1|1|57|0|0|0|0|3|0|0|0|0|0|0|0|2|0|0|0|0|0|0|0|0|3ff|3|0|58|0|51|7|0|0
FRP_M19|1|rtl|74|1|1|1|58|0|0|0|0|3|0|0|0|0|0|0|0|2|0|0|0|0|0|0|0|0|3ff|3|0|59|0|52|7|0|0
FRP_M19|1|rtl|75|1|1|1|59|0|0|0|0|3|0|0|0|0|0|0|0|2|0|0|0|0|0|0|0|0|3ff|3|0|60|0|53|7|0|0
FRP_M19|1|rtl|76|1|1|1|60|0|0|0|0|3|0|0|0|0|0|0|0|2|0|0|0|0|0|0|0|0|3ff|3|0|61|0|54|7|0|0
FRP_M19|1|rtl|77|1|1|1|61|0|0|0|0|3|0|0|0|0|0|0|0|2|0|0|0|0|0|0|0|0|3ff|3|0|62|0|55|7|0|0
FRP_M19|1|rtl|78|1|1|1|62|0|0|0|0|3|0|0|0|0|0|0|0|2|0|0|0|0|0|0|0|0|3ff|3|0|63|0|56|7|0|0
FRP_M19|1|rtl|79|1|1|2|63|0|0|0|0|3|0|0|0|0|0|0|0|2|0|0|0|0|0|0|0|0|3ff|3|0|64|0|56|8|0|0
FRP_M19|1|rtl|80|1|2|3|0|1|0|1|1|0|0|1|0|1|0|1|1|1|0|1|0|0|0|0|0|0|3ff|1|0|1|0|0|0|1|0
FRP_M19|1|rtl|81|1|2|4|1|1|0|3|3|1|0|1|0|1|1|1|1|1|0|1|1|1|1|0|0|0|3ff|0|3|2|0|0|0|1|1
FRP_M19|1|rtl|82|1|2|4|2|0|0|0|0|0|3|0|0|0|0|0|0|2|0|0|0|0|0|0|0|0|3ff|0|3|3|0|0|0|1|2
FRP_M19|1|rtl|83|1|2|4|3|0|0|0|0|0|3|0|0|0|0|0|0|2|0|0|0|0|0|0|0|0|3ff|0|3|4|0|0|0|1|3
FRP_M19|1|rtl|84|1|2|4|4|0|0|0|0|0|3|0|0|0|0|0|0|2|0|0|0|0|0|0|0|0|3ff|0|3|5|0|0|0|1|4
FRP_M19|1|rtl|85|1|2|4|5|0|0|0|0|0|3|0|0|0|0|0|0|2|0|0|0|0|0|0|0|0|3ff|0|3|6|0|0|0|1|5
FRP_M19|1|rtl|86|1|2|4|6|0|0|0|0|0|3|0|0|0|0|0|0|2|0|0|0|0|0|0|0|0|3ff|0|3|7|0|0|0|1|6
FRP_M19|1|rtl|87|1|2|4|7|0|0|0|0|0|3|0|0|0|0|0|0|2|0|0|0|0|0|0|0|0|3ff|0|3|8|0|0|0|1|7
FRP_M19|1|rtl|88|1|2|3|8|0|0|0|0|0|3|0|0|0|0|1|1|1|0|1|0|0|0|0|0|0|3ff|3|0|9|0|0|0|2|7
FRP_M19|1|rtl|89|1|2|4|9|0|0|0|0|3|0|0|0|0|0|0|0|2|0|0|0|0|0|0|0|0|3ff|3|0|10|0|0|0|2|8
FRP_M19|1|rtl|90|1|2|4|10|0|0|0|0|3|0|0|0|0|0|0|0|2|0|0|0|0|0|0|0|0|3ff|3|0|11|0|0|0|2|9
FRP_M19|1|rtl|91|1|2|4|11|0|0|0|0|3|0|0|0|0|0|0|0|2|0|0|0|0|0|0|0|0|3ff|3|0|12|0|0|0|2|10
FRP_M19|1|rtl|92|1|2|4|12|0|0|0|0|3|0|0|0|0|0|0|0|2|0|0|0|0|0|0|0|0|3ff|3|0|13|0|0|0|2|11
FRP_M19|1|rtl|93|1|2|4|13|0|0|0|0|3|0|0|0|0|0|0|0|2|0|0|0|0|0|0|0|0|3ff|3|0|14|0|0|0|2|12
FRP_M19|1|rtl|94|1|2|4|14|0|0|0|0|3|0|0|0|0|0|0|0|2|0|0|0|0|0|0|0|0|3ff|3|0|15|0|0|0|2|13
FRP_M19|1|rtl|95|1|2|4|15|0|0|0|0|3|0|0|0|0|0|0|0|2|0|0|0|0|0|0|0|0|3ff|3|0|16|0|0|0|2|14
